@M00779:163:000000000-AMEF9:1:1112:14343:8808 1:N:0:64
TGCATGGGAGTCGTCAGCTCGTGTCGTGAGATGTTGGGTTAAGTCCCGCAACGAGCGCAACCCTTGTCTTATGTTGCCAGCATTTGGTTGGGGACTCATGAGAGACTGCCGGGGTCAACTCGGAGGAAGGTGGGGATGACGTCAAATCATCATGCCCCTTATGTCCAGGGCTTCACACATGCTACAATGGTCGGTACAACGCGCAGCGACACTGTGAGGTGGAGCGAATCGCTGAAGGCCGGCCCTAGGT
+
BCCCCFFCFCCFGGGGGGGGGGHHHGGGHGHHHHHHHGGGHHHHHHHGGGGGGGGGGGGGGHGHHHHHHHHHHHHHHHHHGHHHHHHHHGGGGGGHHHHHHHHHGHHHHHGGGGGGHHHHHGGADGGGHGHHGGGGGGHHGAGGGHHHHHHHHHHGHGHHHHHHHHGGG.CFEGGGGGGGGGFGGGFFGGFFDGFFFFFF->BF-;9-@D;D0;0B0;A/.A.EF-@B-99AA?AFB0.;=-@=-./9/;
@M00779:163:000000000-AMEF9:1:2106:22637:21852 1:N:0:64
TGCATGGGAGTCGTCAGCTCGTGTCGTGAGATGTTGGGTTAAGTCCCGCAACGAGCGCAACCCTTATATCTAGTTGCCAGCAGTAAGATGGGGACTCTAGATAGACTGCCAGTGATAAACTGGAGGAAGGTGGGGATGACGTCAAATCATCATGCCCCTTATGACTTGGGCTACACACGTGCTACAATGGATAGGAACAAAGAGAAGCGAGCTCGCGAGAGTCAGCCAACCTCATAAAACTATTCTCAGTT
+
BBBBBF@AFABFGGFGEGGGGEGGHGGFHGHHHHCGHGEFHHH5FGHGGGG0EFEEGGGGGHGHFHHHGHGFGFHHHFHGGB?BGGHGHHHHFGGHHHGHHHHHHHHHFGGGGHFHHHHHHGHHHGGHHGHHGGGGGGHHGGGGGGHGHHHHHGHEFGHHHHHGHHHHHGGHHFHBGGCCEGEFHBBFFGFFFBF0FFFGGGGGGGGGG?BAGFDDFFF-DF/FFEF...ABFBFFFFFFFFFFF/BFF/B
